// Jest Snapshot v1, https://goo.gl/fbAQLP

exports[`Profile component with user logged in Profile matches the current snapshot 1`] = `
<div
  className="profile-container main-container"
>
  <div
    className="profile-login-wrapper"
  >
    <div
      className="profile-login-header"
    >
      <h1>
        Briana30
      </h1>
    </div>
    <div
      className="profile-logout-button"
    >
      <h2>
        User Status
      </h2>
      <button
        onClick={[Function]}
        type="button"
      >
        Log out
      </button>
    </div>
    <div
      className="profile-statistics"
    >
      <h2>
        My Waste Statistics
      </h2>
    </div>
    <div
      className="profile-buttons lower-buttons"
    >
      <a
        href="/capture"
        onClick={[Function]}
      >
        <button
          type="button"
        >
          Capture Picture
        </button>
      </a>
      <a
        href="/"
        onClick={[Function]}
      >
        <button
          className="button-home"
          type="button"
        >
          Home
        </button>
      </a>
    </div>
  </div>
</div>
`;
