// Jest Snapshot v1, https://goo.gl/fbAQLP

exports[`Home component Landing page matches the current snapshot 1`] = `
Array [
  <div
    className="landing-container main-container"
  >
    <div
      className="landing-top-section"
    >
      <svg
        className="landing-logo"
        data-testid="home-logo"
        fill="currentColor"
        height="1em"
        stroke="currentColor"
        strokeWidth="0"
        style={
          Object {
            "color": undefined,
          }
        }
        viewBox="0 0 256 256"
        width="1em"
        xmlns="http://www.w3.org/2000/svg"
      >
        <path
          d="M208,52a83.5,83.5,0,0,0-37,8.62c-14.2-26.46-40-39.63-41.19-40.2a4,4,0,0,0-3.58,0c-1.14.57-27,13.74-41.19,40.2A83.5,83.5,0,0,0,48,52a4,4,0,0,0-4,4V96a84.1,84.1,0,0,0,80,83.9v45.63L81.79,204.42a4,4,0,1,0-3.58,7.16l48,24a4,4,0,0,0,3.58,0l48-24a4,4,0,0,0-3.58-7.16L132,225.53V179.9A84.1,84.1,0,0,0,212,96V56A4,4,0,0,0,208,52ZM128,28.56c5.91,3.37,25,15.45,36,35.93a84.46,84.46,0,0,0-36,45.92A84.46,84.46,0,0,0,92,64.49C103,44.07,122.1,31.94,128,28.56ZM52,96V60.1A76.11,76.11,0,0,1,124,136v35.9A76.11,76.11,0,0,1,52,96Zm152,0a76.11,76.11,0,0,1-72,75.9V136a76.11,76.11,0,0,1,72-75.9Z"
        />
      </svg>
      <div
        className="landing-text"
      >
        <h1>
          Welcome to LitterSort
        </h1>
        <p>
          With just a photo, sort your garbage and save the world.
        </p>
      </div>
      <div
        className="landing-top-buttons lower-buttons"
      >
        <a
          href="/capture"
          onClick={[Function]}
        >
          <button
            className="landing-capture-button"
            type="button"
          >
            Capture Picture
          </button>
        </a>
      </div>
    </div>
    <div
      className="landing-bottom-section"
    >
      <div
        className="landing-bottom-buttons lower-buttons"
      >
        <a
          href="/leaderboard"
          onClick={[Function]}
        >
          <button
            className="landing-secondary-button"
            type="button"
          >
            Leaderboard
          </button>
        </a>
        <a
          href="/register"
          onClick={[Function]}
        >
          <button
            className="landing-secondary-button"
            type="button"
          >
            Sign Up
          </button>
        </a>
        <div
          className="landing-login-text"
        >
          <p>
            Already have an account?
          </p>
          <a
            href="/login"
            onClick={[Function]}
          >
            Log in
          </a>
        </div>
      </div>
    </div>
  </div>,
  <div
    className="landing-full-bg"
  />,
]
`;

exports[`Leaderboard component Leaderboard matches the current snapshot 1`] = `null`;

exports[`Successful submission page Successful submission page matches the current snapshot 1`] = `
<div
  className="category-container main-container"
>
  <div
    className="category-wrapper"
  >
    <h4>
      Recycle
    </h4>
    <svg
      className="category-icon"
      data-testid="plastic-icon"
      fill="none"
      height="1em"
      stroke="currentColor"
      strokeLinecap="round"
      strokeLinejoin="round"
      strokeWidth="2"
      style={
        Object {
          "color": undefined,
        }
      }
      viewBox="0 0 24 24"
      width="1em"
      xmlns="http://www.w3.org/2000/svg"
    >
      <path
        d="M0 0h24v24H0z"
        fill="none"
        stroke="none"
      />
      <path
        d="M10 5h4v-2a1 1 0 0 0 -1 -1h-2a1 1 0 0 0 -1 1v2z"
      />
      <path
        d="M14 3.5c0 1.626 .507 3.212 1.45 4.537l.05 .07a8.093 8.093 0 0 1 1.5 4.694v6.199a2 2 0 0 1 -2 2h-6a2 2 0 0 1 -2 -2v-6.2c0 -1.682 .524 -3.322 1.5 -4.693l.05 -.07a7.823 7.823 0 0 0 1.45 -4.537"
      />
      <path
        d="M7 14.803a2.4 2.4 0 0 0 1 -.803a2.4 2.4 0 0 1 2 -1a2.4 2.4 0 0 1 2 1a2.4 2.4 0 0 0 2 1a2.4 2.4 0 0 0 2 -1a2.4 2.4 0 0 1 1 -.805"
      />
    </svg>
    <h1>
      plastic
    </h1>
    <div
      className="category-short-desc"
    >
      <p>
        Not all plastic is recyclable, even if you see the chasing arrows sign!
      </p>
      <p>
        If the plastic sign has a number #1 or #2 inside of the chasing arrows, it is most likely recyclable.
      </p>
    </div>
    <div
      className="category-buttons lower-buttons"
    >
      <button
        data-testid="modal-learn-more"
        onClick={[Function]}
        type="button"
      >
        Learn More
      </button>
      <a
        href="/capture"
        onClick={[Function]}
      >
        <button
          type="button"
        >
          Capture another photo
        </button>
      </a>
      <a
        href="/"
        onClick={[Function]}
      >
        <button
          className="button-home"
          type="button"
        >
          Home
        </button>
      </a>
    </div>
  </div>
</div>
`;
